Component: ARM Compiler 5.06 update 6 (build 750) Tool: armlink [4d35ed]

==============================================================================

Section Cross References

    mypwm.o(i.duration) refers to mypwm.o(i.delay) for delay
    mypwm.o(i.main) refers to mypwm.o(i.initPWM) for initPWM
    mypwm.o(i.main) refers to memcpya.o(.text) for __aeabi_memcpy4
    mypwm.o(i.main) refers to mypwm.o(i.play) for play
    mypwm.o(i.main) refers to mypwm.o(.constdata) for .constdata
    mypwm.o(i.play) refers to mypwm.o(i.setFreq) for setFreq
    mypwm.o(i.play) refers to mypwm.o(i.duration) for duration
    mypwm.o(i.setDutyCycle) refers to f2d.o(.text) for __aeabi_f2d
    mypwm.o(i.setDutyCycle) refers to ddiv.o(.text) for __aeabi_ddiv
    mypwm.o(i.setDutyCycle) refers to d2f.o(.text) for __aeabi_d2f
    mypwm.o(i.setDutyCycle) refers to ffltui.o(.text) for __aeabi_ui2f
    mypwm.o(i.setDutyCycle) refers to fmul.o(.text) for __aeabi_fmul
    mypwm.o(i.setDutyCycle) refers to ffixui.o(.text) for __aeabi_f2uiz
    mypwm.o(i.setFreq) refers to ffltui.o(.text) for __aeabi_ui2f
    mypwm.o(i.setFreq) refers to fdiv.o(.text) for __aeabi_fdiv
    mypwm.o(i.setFreq) refers to ffixui.o(.text) for __aeabi_f2uiz
    mypwm.o(i.setFreq) refers to mypwm.o(i.setDutyCycle) for setDutyCycle
    startup_mkl25z4.o(RESET) refers to startup_mkl25z4.o(STACK) for __initial_sp
    startup_mkl25z4.o(RESET) refers to startup_mkl25z4.o(.text) for Reset_Handler
    startup_mkl25z4.o(.text) refers to system_mkl25z4.o(i.SystemInit) for SystemInit
    startup_mkl25z4.o(.text) refers to entry.o(.ARM.Collect$$$$00000000) for __main
    system_mkl25z4.o(i.SystemCoreClockUpdate) refers to uidiv.o(.text) for __aeabi_uidivmod
    system_mkl25z4.o(i.SystemCoreClockUpdate) refers to system_mkl25z4.o(i.__ARM_common_switch8) for __ARM_common_switch8
    system_mkl25z4.o(i.SystemCoreClockUpdate) refers to system_mkl25z4.o(.data) for SystemCoreClock
    entry.o(.ARM.Collect$$$$00000000) refers (Special) to entry10a.o(.ARM.Collect$$$$0000000D) for __rt_final_cpp
    entry.o(.ARM.Collect$$$$00000000) refers (Special) to entry11a.o(.ARM.Collect$$$$0000000F) for __rt_final_exit
    entry.o(.ARM.Collect$$$$00000000) refers (Special) to entry7b.o(.ARM.Collect$$$$00000008) for _main_clock
    entry.o(.ARM.Collect$$$$00000000) refers (Special) to entry8b.o(.ARM.Collect$$$$0000000A) for _main_cpp_init
    entry.o(.ARM.Collect$$$$00000000) refers (Special) to entry9a.o(.ARM.Collect$$$$0000000B) for _main_init
    entry.o(.ARM.Collect$$$$00000000) refers (Special) to entry5.o(.ARM.Collect$$$$00000004) for _main_scatterload
    entry.o(.ARM.Collect$$$$00000000) refers (Special) to entry2.o(.ARM.Collect$$$$00000001) for _main_stk
    fmul.o(.text) refers (Special) to iusefp.o(.text) for __I$use$fp
    fdiv.o(.text) refers (Special) to iusefp.o(.text) for __I$use$fp
    fdiv.o(.text) refers to fepilogue.o(.text) for _float_round
    ddiv.o(.text) refers (Special) to iusefp.o(.text) for __I$use$fp
    ddiv.o(.text) refers to depilogue.o(.text) for _double_round
    ffltui.o(.text) refers (Special) to iusefp.o(.text) for __I$use$fp
    ffltui.o(.text) refers to fepilogue.o(.text) for _float_epilogue
    ffixui.o(.text) refers (Special) to iusefp.o(.text) for __I$use$fp
    f2d.o(.text) refers (Special) to iusefp.o(.text) for __I$use$fp
    d2f.o(.text) refers (Special) to iusefp.o(.text) for __I$use$fp
    d2f.o(.text) refers to fepilogue.o(.text) for _float_round
    entry2.o(.ARM.Collect$$$$00000001) refers to entry2.o(.ARM.Collect$$$$00002712) for __lit__00000000
    entry2.o(.ARM.Collect$$$$00002712) refers to startup_mkl25z4.o(STACK) for __initial_sp
    entry2.o(__vectab_stack_and_reset_area) refers to startup_mkl25z4.o(STACK) for __initial_sp
    entry2.o(__vectab_stack_and_reset_area) refers to entry.o(.ARM.Collect$$$$00000000) for __main
    entry5.o(.ARM.Collect$$$$00000004) refers to init.o(.text) for __scatterload
    entry9a.o(.ARM.Collect$$$$0000000B) refers to mypwm.o(i.main) for main
    entry9b.o(.ARM.Collect$$$$0000000C) refers to mypwm.o(i.main) for main
    depilogue.o(.text) refers to depilogue.o(i.__ARM_clz) for __ARM_clz
    depilogue.o(.text) refers to llshl.o(.text) for __aeabi_llsl
    depilogue.o(.text) refers to llushr.o(.text) for __aeabi_llsr
    init.o(.text) refers to entry5.o(.ARM.Collect$$$$00000004) for __main_after_scatterload


==============================================================================

Removing Unused input sections from the image.

    Removing mypwm.o(.rev16_text), (4 bytes).
    Removing mypwm.o(.revsh_text), (4 bytes).
    Removing startup_mkl25z4.o(HEAP), (0 bytes).
    Removing system_mkl25z4.o(.rev16_text), (4 bytes).
    Removing system_mkl25z4.o(.revsh_text), (4 bytes).
    Removing system_mkl25z4.o(i.SystemCoreClockUpdate), (400 bytes).
    Removing system_mkl25z4.o(.data), (4 bytes).
    Removing system_mkl25z4.o(i.__ARM_common_switch8), (28 bytes).

8 unused section(s) (total 448 bytes) removed from the image.

==============================================================================

Image Symbol Table

    Local Symbols

    Symbol Name                              Value     Ov Type        Size  Object(Section)

    RESET                                    0x00000000   Section      192  startup_mkl25z4.o(RESET)
    ../clib/microlib/division.c              0x00000000   Number         0  uidiv.o ABSOLUTE
    ../clib/microlib/init/entry.s            0x00000000   Number         0  entry5.o ABSOLUTE
    ../clib/microlib/init/entry.s            0x00000000   Number         0  entry2.o ABSOLUTE
    ../clib/microlib/init/entry.s            0x00000000   Number         0  entry8b.o ABSOLUTE
    ../clib/microlib/init/entry.s            0x00000000   Number         0  entry8a.o ABSOLUTE
    ../clib/microlib/init/entry.s            0x00000000   Number         0  entry10b.o ABSOLUTE
    ../clib/microlib/init/entry.s            0x00000000   Number         0  entry7b.o ABSOLUTE
    ../clib/microlib/init/entry.s            0x00000000   Number         0  entry7a.o ABSOLUTE
    ../clib/microlib/init/entry.s            0x00000000   Number         0  entry10a.o ABSOLUTE
    ../clib/microlib/init/entry.s            0x00000000   Number         0  entry9b.o ABSOLUTE
    ../clib/microlib/init/entry.s            0x00000000   Number         0  entry11b.o ABSOLUTE
    ../clib/microlib/init/entry.s            0x00000000   Number         0  entry.o ABSOLUTE
    ../clib/microlib/init/entry.s            0x00000000   Number         0  entry9a.o ABSOLUTE
    ../clib/microlib/init/entry.s            0x00000000   Number         0  entry11a.o ABSOLUTE
    ../clib/microlib/longlong.c              0x00000000   Number         0  llshl.o ABSOLUTE
    ../clib/microlib/longlong.c              0x00000000   Number         0  llushr.o ABSOLUTE
    ../clib/microlib/string/memcpy.c         0x00000000   Number         0  memcpya.o ABSOLUTE
    ../clib/microlib/string/memcpy.c         0x00000000   Number         0  memcpyb.o ABSOLUTE
    ../clib/microlib/stubs.s                 0x00000000   Number         0  iusefp.o ABSOLUTE
    ../fplib/microlib/d2f.c                  0x00000000   Number         0  d2f.o ABSOLUTE
    ../fplib/microlib/f2d.c                  0x00000000   Number         0  f2d.o ABSOLUTE
    ../fplib/microlib/fpdiv.c                0x00000000   Number         0  ddiv.o ABSOLUTE
    ../fplib/microlib/fpdiv.c                0x00000000   Number         0  fdiv.o ABSOLUTE
    ../fplib/microlib/fpepilogue.c           0x00000000   Number         0  fepilogue.o ABSOLUTE
    ../fplib/microlib/fpepilogue.c           0x00000000   Number         0  depilogue.o ABSOLUTE
    ../fplib/microlib/fpfix.c                0x00000000   Number         0  ffixui.o ABSOLUTE
    ../fplib/microlib/fpflt.c                0x00000000   Number         0  ffltui.o ABSOLUTE
    ../fplib/microlib/fpmul.c                0x00000000   Number         0  fmul.o ABSOLUTE
    RTE\Device\MKL25Z128xxx4\startup_MKL25Z4.s 0x00000000   Number         0  startup_mkl25z4.o ABSOLUTE
    RTE\Device\MKL25Z128xxx4\system_MKL25Z4.c 0x00000000   Number         0  system_mkl25z4.o ABSOLUTE
    RTE\\Device\\MKL25Z128xxx4\\system_MKL25Z4.c 0x00000000   Number         0  system_mkl25z4.o ABSOLUTE
    dc.s                                     0x00000000   Number         0  dc.o ABSOLUTE
    handlers.s                               0x00000000   Number         0  handlers.o ABSOLUTE
    init.s                                   0x00000000   Number         0  init.o ABSOLUTE
    myPWM.c                                  0x00000000   Number         0  mypwm.o ABSOLUTE
    myPWM.c                                  0x00000000   Number         0  mypwm.o ABSOLUTE
    .ARM.Collect$$$$00000000                 0x000000c0   Section        0  entry.o(.ARM.Collect$$$$00000000)
    .ARM.Collect$$$$00000001                 0x000000c0   Section        4  entry2.o(.ARM.Collect$$$$00000001)
    .ARM.Collect$$$$00000004                 0x000000c4   Section        4  entry5.o(.ARM.Collect$$$$00000004)
    .ARM.Collect$$$$00000008                 0x000000c8   Section        0  entry7b.o(.ARM.Collect$$$$00000008)
    .ARM.Collect$$$$0000000A                 0x000000c8   Section        0  entry8b.o(.ARM.Collect$$$$0000000A)
    .ARM.Collect$$$$0000000B                 0x000000c8   Section        8  entry9a.o(.ARM.Collect$$$$0000000B)
    .ARM.Collect$$$$0000000D                 0x000000d0   Section        0  entry10a.o(.ARM.Collect$$$$0000000D)
    .ARM.Collect$$$$0000000F                 0x000000d0   Section        0  entry11a.o(.ARM.Collect$$$$0000000F)
    .ARM.Collect$$$$00002712                 0x000000d0   Section        4  entry2.o(.ARM.Collect$$$$00002712)
    __lit__00000000                          0x000000d0   Data           4  entry2.o(.ARM.Collect$$$$00002712)
    .text                                    0x000000d4   Section       40  startup_mkl25z4.o(.text)
    .text                                    0x000000fc   Section        0  memcpya.o(.text)
    .text                                    0x00000120   Section        0  fmul.o(.text)
    .text                                    0x0000019a   Section        0  fdiv.o(.text)
    .text                                    0x00000218   Section        0  ddiv.o(.text)
    .text                                    0x00000308   Section        0  ffltui.o(.text)
    .text                                    0x00000316   Section        0  ffixui.o(.text)
    .text                                    0x0000033e   Section        0  f2d.o(.text)
    .text                                    0x00000366   Section        0  d2f.o(.text)
    .text                                    0x0000039e   Section        0  iusefp.o(.text)
    .text                                    0x000003a0   Section       36  init.o(.text)
    .text                                    0x000003c4   Section        0  llshl.o(.text)
    i.__scatterload_copy                     0x000003e4   Section       14  handlers.o(i.__scatterload_copy)
    i.__scatterload_null                     0x000003f2   Section        2  handlers.o(i.__scatterload_null)
    .ARM.__at_0x400                          0x00000400   Section       16  startup_mkl25z4.o(.ARM.__at_0x400)
    .text                                    0x00000410   Section        0  fepilogue.o(.text)
    .text                                    0x00000492   Section        0  depilogue.o(.text)
    .text                                    0x00000550   Section        0  llushr.o(.text)
    i.SystemInit                             0x00000574   Section        0  system_mkl25z4.o(i.SystemInit)
    i.__ARM_clz                              0x000006ac   Section        0  depilogue.o(i.__ARM_clz)
    i.__scatterload_zeroinit                 0x000006da   Section       14  handlers.o(i.__scatterload_zeroinit)
    i.delay                                  0x000006e8   Section        0  mypwm.o(i.delay)
    delay                                    0x000006e9   Thumb Code    20  mypwm.o(i.delay)
    i.duration                               0x000006fc   Section        0  mypwm.o(i.duration)
    duration                                 0x000006fd   Thumb Code    34  mypwm.o(i.duration)
    i.initPWM                                0x00000720   Section        0  mypwm.o(i.initPWM)
    i.main                                   0x000007e4   Section        0  mypwm.o(i.main)
    i.play                                   0x0000081c   Section        0  mypwm.o(i.play)
    play                                     0x0000081d   Thumb Code    40  mypwm.o(i.play)
    i.setDutyCycle                           0x00000844   Section        0  mypwm.o(i.setDutyCycle)
    i.setFreq                                0x00000884   Section        0  mypwm.o(i.setFreq)
    .constdata                               0x000008c8   Section      112  mypwm.o(.constdata)
    STACK                                    0x1ffff000   Section      256  startup_mkl25z4.o(STACK)

    Global Symbols

    Symbol Name                              Value     Ov Type        Size  Object(Section)

    BuildAttributes$$THM_ISAv3M$S$PE$A:L22$X:L11$S22$IEEE1$IW$USESV6$~STKCKD$USESV7$~SHL$OTIME$ROPI$EBA8$MICROLIB$REQ8$PRES8$EABIv2 0x00000000   Number         0  anon$$obj.o ABSOLUTE
    __ARM_use_no_argv                        0x00000000   Number         0  mypwm.o ABSOLUTE
    __Vectors                                0x00000000   Data           4  startup_mkl25z4.o(RESET)
    __cpp_initialize__aeabi_                  - Undefined Weak Reference
    __cxa_finalize                            - Undefined Weak Reference
    __decompress                              - Undefined Weak Reference
    _clock_init                               - Undefined Weak Reference
    _microlib_exit                            - Undefined Weak Reference
    __Vectors_End                            0x000000c0   Data           0  startup_mkl25z4.o(RESET)
    __Vectors_Size                           0x000000c0   Number         0  startup_mkl25z4.o ABSOLUTE
    __main                                   0x000000c1   Thumb Code     0  entry.o(.ARM.Collect$$$$00000000)
    _main_stk                                0x000000c1   Thumb Code     0  entry2.o(.ARM.Collect$$$$00000001)
    _main_scatterload                        0x000000c5   Thumb Code     0  entry5.o(.ARM.Collect$$$$00000004)
    __main_after_scatterload                 0x000000c9   Thumb Code     0  entry5.o(.ARM.Collect$$$$00000004)
    _main_clock                              0x000000c9   Thumb Code     0  entry7b.o(.ARM.Collect$$$$00000008)
    _main_cpp_init                           0x000000c9   Thumb Code     0  entry8b.o(.ARM.Collect$$$$0000000A)
    _main_init                               0x000000c9   Thumb Code     0  entry9a.o(.ARM.Collect$$$$0000000B)
    __rt_final_cpp                           0x000000d1   Thumb Code     0  entry10a.o(.ARM.Collect$$$$0000000D)
    __rt_final_exit                          0x000000d1   Thumb Code     0  entry11a.o(.ARM.Collect$$$$0000000F)
    Reset_Handler                            0x000000d5   Thumb Code    12  startup_mkl25z4.o(.text)
    NMI_Handler                              0x000000e1   Thumb Code     2  startup_mkl25z4.o(.text)
    HardFault_Handler                        0x000000e3   Thumb Code     2  startup_mkl25z4.o(.text)
    SVC_Handler                              0x000000e5   Thumb Code     2  startup_mkl25z4.o(.text)
    PendSV_Handler                           0x000000e7   Thumb Code     2  startup_mkl25z4.o(.text)
    SysTick_Handler                          0x000000e9   Thumb Code     2  startup_mkl25z4.o(.text)
    ADC0_IRQHandler                          0x000000eb   Thumb Code     0  startup_mkl25z4.o(.text)
    CMP0_IRQHandler                          0x000000eb   Thumb Code     0  startup_mkl25z4.o(.text)
    DAC0_IRQHandler                          0x000000eb   Thumb Code     0  startup_mkl25z4.o(.text)
    DMA0_IRQHandler                          0x000000eb   Thumb Code     0  startup_mkl25z4.o(.text)
    DMA1_IRQHandler                          0x000000eb   Thumb Code     0  startup_mkl25z4.o(.text)
    DMA2_IRQHandler                          0x000000eb   Thumb Code     0  startup_mkl25z4.o(.text)
    DMA3_IRQHandler                          0x000000eb   Thumb Code     0  startup_mkl25z4.o(.text)
    DefaultISR                               0x000000eb   Thumb Code     0  startup_mkl25z4.o(.text)
    FTFA_IRQHandler                          0x000000eb   Thumb Code     0  startup_mkl25z4.o(.text)
    I2C0_IRQHandler                          0x000000eb   Thumb Code     0  startup_mkl25z4.o(.text)
    I2C1_IRQHandler                          0x000000eb   Thumb Code     0  startup_mkl25z4.o(.text)
    LLWU_IRQHandler                          0x000000eb   Thumb Code     0  startup_mkl25z4.o(.text)
    LPTMR0_IRQHandler                        0x000000eb   Thumb Code     0  startup_mkl25z4.o(.text)
    LVD_LVW_IRQHandler                       0x000000eb   Thumb Code     0  startup_mkl25z4.o(.text)
    MCG_IRQHandler                           0x000000eb   Thumb Code     0  startup_mkl25z4.o(.text)
    PIT_IRQHandler                           0x000000eb   Thumb Code     0  startup_mkl25z4.o(.text)
    PORTA_IRQHandler                         0x000000eb   Thumb Code     0  startup_mkl25z4.o(.text)
    PORTD_IRQHandler                         0x000000eb   Thumb Code     0  startup_mkl25z4.o(.text)
    RTC_IRQHandler                           0x000000eb   Thumb Code     0  startup_mkl25z4.o(.text)
    RTC_Seconds_IRQHandler                   0x000000eb   Thumb Code     0  startup_mkl25z4.o(.text)
    Reserved20_IRQHandler                    0x000000eb   Thumb Code     0  startup_mkl25z4.o(.text)
    Reserved39_IRQHandler                    0x000000eb   Thumb Code     0  startup_mkl25z4.o(.text)
    Reserved45_IRQHandler                    0x000000eb   Thumb Code     0  startup_mkl25z4.o(.text)
    SPI0_IRQHandler                          0x000000eb   Thumb Code     0  startup_mkl25z4.o(.text)
    SPI1_IRQHandler                          0x000000eb   Thumb Code     0  startup_mkl25z4.o(.text)
    TPM0_IRQHandler                          0x000000eb   Thumb Code     0  startup_mkl25z4.o(.text)
    TPM1_IRQHandler                          0x000000eb   Thumb Code     0  startup_mkl25z4.o(.text)
    TPM2_IRQHandler                          0x000000eb   Thumb Code     0  startup_mkl25z4.o(.text)
    TSI0_IRQHandler                          0x000000eb   Thumb Code     0  startup_mkl25z4.o(.text)
    UART0_IRQHandler                         0x000000eb   Thumb Code     0  startup_mkl25z4.o(.text)
    UART1_IRQHandler                         0x000000eb   Thumb Code     0  startup_mkl25z4.o(.text)
    UART2_IRQHandler                         0x000000eb   Thumb Code     0  startup_mkl25z4.o(.text)
    USB0_IRQHandler                          0x000000eb   Thumb Code     0  startup_mkl25z4.o(.text)
    __aeabi_memcpy                           0x000000fd   Thumb Code    36  memcpya.o(.text)
    __aeabi_memcpy4                          0x000000fd   Thumb Code     0  memcpya.o(.text)
    __aeabi_memcpy8                          0x000000fd   Thumb Code     0  memcpya.o(.text)
    __aeabi_fmul                             0x00000121   Thumb Code   122  fmul.o(.text)
    __aeabi_fdiv                             0x0000019b   Thumb Code   124  fdiv.o(.text)
    __aeabi_ddiv                             0x00000219   Thumb Code   234  ddiv.o(.text)
    __aeabi_ui2f                             0x00000309   Thumb Code    14  ffltui.o(.text)
    __aeabi_f2uiz                            0x00000317   Thumb Code    40  ffixui.o(.text)
    __aeabi_f2d                              0x0000033f   Thumb Code    40  f2d.o(.text)
    __aeabi_d2f                              0x00000367   Thumb Code    56  d2f.o(.text)
    __I$use$fp                               0x0000039f   Thumb Code     0  iusefp.o(.text)
    __scatterload                            0x000003a1   Thumb Code    28  init.o(.text)
    __scatterload_rt2                        0x000003a1   Thumb Code     0  init.o(.text)
    __aeabi_llsl                             0x000003c5   Thumb Code    32  llshl.o(.text)
    _ll_shift_l                              0x000003c5   Thumb Code     0  llshl.o(.text)
    __scatterload_copy                       0x000003e5   Thumb Code    14  handlers.o(i.__scatterload_copy)
    __scatterload_null                       0x000003f3   Thumb Code     2  handlers.o(i.__scatterload_null)
    _float_round                             0x00000411   Thumb Code    16  fepilogue.o(.text)
    _float_epilogue                          0x00000421   Thumb Code   114  fepilogue.o(.text)
    _double_round                            0x00000493   Thumb Code    26  depilogue.o(.text)
    _double_epilogue                         0x000004ad   Thumb Code   164  depilogue.o(.text)
    __aeabi_llsr                             0x00000551   Thumb Code    34  llushr.o(.text)
    _ll_ushift_r                             0x00000551   Thumb Code     0  llushr.o(.text)
    SystemInit                               0x00000575   Thumb Code   266  system_mkl25z4.o(i.SystemInit)
    __ARM_clz                                0x000006ad   Thumb Code    46  depilogue.o(i.__ARM_clz)
    __scatterload_zeroinit                   0x000006db   Thumb Code    14  handlers.o(i.__scatterload_zeroinit)
    initPWM                                  0x00000721   Thumb Code   178  mypwm.o(i.initPWM)
    main                                     0x000007e5   Thumb Code    50  mypwm.o(i.main)
    setDutyCycle                             0x00000845   Thumb Code    56  mypwm.o(i.setDutyCycle)
    setFreq                                  0x00000885   Thumb Code    54  mypwm.o(i.setFreq)
    Region$$Table$$Base                      0x00000938   Number         0  anon$$obj.o(Region$$Table)
    Region$$Table$$Limit                     0x00000948   Number         0  anon$$obj.o(Region$$Table)
    __initial_sp                             0x1ffff100   Data           0  startup_mkl25z4.o(STACK)



==============================================================================

Memory Map of the image

  Image Entry point : 0x000000d5

  Load Region LR_1 (Base: 0x00000000, Size: 0x00000948, Max: 0xffffffff, ABSOLUTE)

    Execution Region ER_RO (Exec base: 0x00000000, Load base: 0x00000000, Size: 0x00000948, Max: 0xffffffff, ABSOLUTE)

    Exec Addr    Load Addr    Size         Type   Attr      Idx    E Section Name        Object

    0x00000000   0x00000000   0x000000c0   Data   RO           85    RESET               startup_mkl25z4.o
    0x000000c0   0x000000c0   0x00000000   Code   RO          127  * .ARM.Collect$$$$00000000  mc_p.l(entry.o)
    0x000000c0   0x000000c0   0x00000004   Code   RO          150    .ARM.Collect$$$$00000001  mc_p.l(entry2.o)
    0x000000c4   0x000000c4   0x00000004   Code   RO          153    .ARM.Collect$$$$00000004  mc_p.l(entry5.o)
    0x000000c8   0x000000c8   0x00000000   Code   RO          155    .ARM.Collect$$$$00000008  mc_p.l(entry7b.o)
    0x000000c8   0x000000c8   0x00000000   Code   RO          157    .ARM.Collect$$$$0000000A  mc_p.l(entry8b.o)
    0x000000c8   0x000000c8   0x00000008   Code   RO          158    .ARM.Collect$$$$0000000B  mc_p.l(entry9a.o)
    0x000000d0   0x000000d0   0x00000000   Code   RO          160    .ARM.Collect$$$$0000000D  mc_p.l(entry10a.o)
    0x000000d0   0x000000d0   0x00000000   Code   RO          162    .ARM.Collect$$$$0000000F  mc_p.l(entry11a.o)
    0x000000d0   0x000000d0   0x00000004   Code   RO          151    .ARM.Collect$$$$00002712  mc_p.l(entry2.o)
    0x000000d4   0x000000d4   0x00000028   Code   RO           87  * .text               startup_mkl25z4.o
    0x000000fc   0x000000fc   0x00000024   Code   RO          132    .text               mc_p.l(memcpya.o)
    0x00000120   0x00000120   0x0000007a   Code   RO          136    .text               mf_p.l(fmul.o)
    0x0000019a   0x0000019a   0x0000007c   Code   RO          138    .text               mf_p.l(fdiv.o)
    0x00000216   0x00000216   0x00000002   PAD
    0x00000218   0x00000218   0x000000f0   Code   RO          140    .text               mf_p.l(ddiv.o)
    0x00000308   0x00000308   0x0000000e   Code   RO          142    .text               mf_p.l(ffltui.o)
    0x00000316   0x00000316   0x00000028   Code   RO          144    .text               mf_p.l(ffixui.o)
    0x0000033e   0x0000033e   0x00000028   Code   RO          146    .text               mf_p.l(f2d.o)
    0x00000366   0x00000366   0x00000038   Code   RO          148    .text               mf_p.l(d2f.o)
    0x0000039e   0x0000039e   0x00000000   Code   RO          164    .text               mc_p.l(iusefp.o)
    0x0000039e   0x0000039e   0x00000002   PAD
    0x000003a0   0x000003a0   0x00000024   Code   RO          171    .text               mc_p.l(init.o)
    0x000003c4   0x000003c4   0x00000020   Code   RO          173    .text               mc_p.l(llshl.o)
    0x000003e4   0x000003e4   0x0000000e   Code   RO          179    i.__scatterload_copy  mc_p.l(handlers.o)
    0x000003f2   0x000003f2   0x00000002   Code   RO          180    i.__scatterload_null  mc_p.l(handlers.o)
    0x000003f4   0x000003f4   0x0000000c   PAD
    0x00000400   0x00000400   0x00000010   Code   RO           86    .ARM.__at_0x400     startup_mkl25z4.o
    0x00000410   0x00000410   0x00000082   Code   RO          165    .text               mf_p.l(fepilogue.o)
    0x00000492   0x00000492   0x000000be   Code   RO          167    .text               mf_p.l(depilogue.o)
    0x00000550   0x00000550   0x00000022   Code   RO          175    .text               mc_p.l(llushr.o)
    0x00000572   0x00000572   0x00000002   PAD
    0x00000574   0x00000574   0x00000138   Code   RO           96    i.SystemInit        system_mkl25z4.o
    0x000006ac   0x000006ac   0x0000002e   Code   RO          169    i.__ARM_clz         mf_p.l(depilogue.o)
    0x000006da   0x000006da   0x0000000e   Code   RO          181    i.__scatterload_zeroinit  mc_p.l(handlers.o)
    0x000006e8   0x000006e8   0x00000014   Code   RO            3    i.delay             mypwm.o
    0x000006fc   0x000006fc   0x00000022   Code   RO            4    i.duration          mypwm.o
    0x0000071e   0x0000071e   0x00000002   PAD
    0x00000720   0x00000720   0x000000c4   Code   RO            5    i.initPWM           mypwm.o
    0x000007e4   0x000007e4   0x00000038   Code   RO            6    i.main              mypwm.o
    0x0000081c   0x0000081c   0x00000028   Code   RO            7    i.play              mypwm.o
    0x00000844   0x00000844   0x00000040   Code   RO            8    i.setDutyCycle      mypwm.o
    0x00000884   0x00000884   0x00000044   Code   RO            9    i.setFreq           mypwm.o
    0x000008c8   0x000008c8   0x00000070   Data   RO           10    .constdata          mypwm.o
    0x00000938   0x00000938   0x00000010   Data   RO          177    Region$$Table       anon$$obj.o


    Execution Region ER_RW (Exec base: 0x1ffff000, Load base: 0x00000948, Size: 0x00000000, Max: 0xffffffff, ABSOLUTE)

    **** No section assigned to this execution region ****


    Execution Region ER_ZI (Exec base: 0x1ffff000, Load base: 0x00000948, Size: 0x00000100, Max: 0xffffffff, ABSOLUTE)

    Exec Addr    Load Addr    Size         Type   Attr      Idx    E Section Name        Object

    0x1ffff000        -       0x00000100   Zero   RW           83    STACK               startup_mkl25z4.o


==============================================================================

Image component sizes


      Code (inc. data)   RO Data    RW Data    ZI Data      Debug   Object Name

       478         46        112          0          0       8930   mypwm.o
        56         30        192          0        256        972   startup_mkl25z4.o
       312         46          0          0          0        633   system_mkl25z4.o

    ----------------------------------------------------------------------
       848        122        320          0        256      10535   Object Totals
         0          0         16          0          0          0   (incl. Generated)
         2          0          0          0          0          0   (incl. Padding)

    ----------------------------------------------------------------------

      Code (inc. data)   RO Data    RW Data    ZI Data      Debug   Library Member Name

         0          0          0          0          0          0   entry.o
         0          0          0          0          0          0   entry10a.o
         0          0          0          0          0          0   entry11a.o
         8          4          0          0          0          0   entry2.o
         4          0          0          0          0          0   entry5.o
         0          0          0          0          0          0   entry7b.o
         0          0          0          0          0          0   entry8b.o
         8          4          0          0          0          0   entry9a.o
        30          0          0          0          0          0   handlers.o
        36          8          0          0          0         68   init.o
         0          0          0          0          0          0   iusefp.o
        32          0          0          0          0         68   llshl.o
        34          0          0          0          0         68   llushr.o
        36          0          0          0          0         60   memcpya.o
        56          0          0          0          0         68   d2f.o
       240          6          0          0          0         84   ddiv.o
       236          0          0          0          0        216   depilogue.o
        40          0          0          0          0         60   f2d.o
       124          0          0          0          0         72   fdiv.o
       130          0          0          0          0        144   fepilogue.o
        40          0          0          0          0         60   ffixui.o
        14          0          0          0          0         68   ffltui.o
       122          0          0          0          0         72   fmul.o

    ----------------------------------------------------------------------
      1208         22          0          0          0       1108   Library Totals
        18          0          0          0          0          0   (incl. Padding)

    ----------------------------------------------------------------------

      Code (inc. data)   RO Data    RW Data    ZI Data      Debug   Library Name

       188         16          0          0          0        264   mc_p.l
      1002          6          0          0          0        844   mf_p.l

    ----------------------------------------------------------------------
      1208         22          0          0          0       1108   Library Totals

    ----------------------------------------------------------------------

==============================================================================


      Code (inc. data)   RO Data    RW Data    ZI Data      Debug   

      2056        144        320          0        256      11003   Grand Totals
      2056        144        320          0        256      11003   ELF Image Totals
      2056        144        320          0          0          0   ROM Totals

==============================================================================

    Total RO  Size (Code + RO Data)                 2376 (   2.32kB)
    Total RW  Size (RW Data + ZI Data)               256 (   0.25kB)
    Total ROM Size (Code + RO Data + RW Data)       2376 (   2.32kB)

==============================================================================

