Component: ARM Compiler 5.06 update 6 (build 750) Tool: armlink [4d35ed]

==============================================================================

Section Cross References

    mymotor.o(i.main) refers to mymotor.o(i.initPWM) for initPWM
    mymotor.o(i.main) refers to mymotor.o(i.setDutyCycle) for setDutyCycle
    mymotor.o(i.main) refers to mymotor.o(i.delay) for delay
    mymotor.o(i.setDutyCycle) refers to f2d.o(.text) for __aeabi_f2d
    mymotor.o(i.setDutyCycle) refers to ddiv.o(.text) for __aeabi_ddiv
    mymotor.o(i.setDutyCycle) refers to d2f.o(.text) for __aeabi_d2f
    mymotor.o(i.setDutyCycle) refers to ffltui.o(.text) for __aeabi_ui2f
    mymotor.o(i.setDutyCycle) refers to fmul.o(.text) for __aeabi_fmul
    mymotor.o(i.setDutyCycle) refers to ffixui.o(.text) for __aeabi_f2uiz
    mymotor.o(i.setFreq) refers to ffltui.o(.text) for __aeabi_ui2f
    mymotor.o(i.setFreq) refers to fdiv.o(.text) for __aeabi_fdiv
    mymotor.o(i.setFreq) refers to ffixui.o(.text) for __aeabi_f2uiz
    mymotor.o(i.setFreq) refers to mymotor.o(i.setDutyCycle) for setDutyCycle
    startup_mkl25z4.o(RESET) refers to startup_mkl25z4.o(STACK) for __initial_sp
    startup_mkl25z4.o(RESET) refers to startup_mkl25z4.o(.text) for Reset_Handler
    startup_mkl25z4.o(.text) refers to system_mkl25z4.o(i.SystemInit) for SystemInit
    startup_mkl25z4.o(.text) refers to entry.o(.ARM.Collect$$$$00000000) for __main
    system_mkl25z4.o(i.SystemCoreClockUpdate) refers to uidiv.o(.text) for __aeabi_uidivmod
    system_mkl25z4.o(i.SystemCoreClockUpdate) refers to system_mkl25z4.o(i.__ARM_common_switch8) for __ARM_common_switch8
    system_mkl25z4.o(i.SystemCoreClockUpdate) refers to system_mkl25z4.o(.data) for SystemCoreClock
    entry.o(.ARM.Collect$$$$00000000) refers (Special) to entry10a.o(.ARM.Collect$$$$0000000D) for __rt_final_cpp
    entry.o(.ARM.Collect$$$$00000000) refers (Special) to entry11a.o(.ARM.Collect$$$$0000000F) for __rt_final_exit
    entry.o(.ARM.Collect$$$$00000000) refers (Special) to entry7b.o(.ARM.Collect$$$$00000008) for _main_clock
    entry.o(.ARM.Collect$$$$00000000) refers (Special) to entry8b.o(.ARM.Collect$$$$0000000A) for _main_cpp_init
    entry.o(.ARM.Collect$$$$00000000) refers (Special) to entry9a.o(.ARM.Collect$$$$0000000B) for _main_init
    entry.o(.ARM.Collect$$$$00000000) refers (Special) to entry5.o(.ARM.Collect$$$$00000004) for _main_scatterload
    entry.o(.ARM.Collect$$$$00000000) refers (Special) to entry2.o(.ARM.Collect$$$$00000001) for _main_stk
    fmul.o(.text) refers (Special) to iusefp.o(.text) for __I$use$fp
    fdiv.o(.text) refers (Special) to iusefp.o(.text) for __I$use$fp
    fdiv.o(.text) refers to fepilogue.o(.text) for _float_round
    ddiv.o(.text) refers (Special) to iusefp.o(.text) for __I$use$fp
    ddiv.o(.text) refers to depilogue.o(.text) for _double_round
    ffltui.o(.text) refers (Special) to iusefp.o(.text) for __I$use$fp
    ffltui.o(.text) refers to fepilogue.o(.text) for _float_epilogue
    ffixui.o(.text) refers (Special) to iusefp.o(.text) for __I$use$fp
    f2d.o(.text) refers (Special) to iusefp.o(.text) for __I$use$fp
    d2f.o(.text) refers (Special) to iusefp.o(.text) for __I$use$fp
    d2f.o(.text) refers to fepilogue.o(.text) for _float_round
    entry2.o(.ARM.Collect$$$$00000001) refers to entry2.o(.ARM.Collect$$$$00002712) for __lit__00000000
    entry2.o(.ARM.Collect$$$$00002712) refers to startup_mkl25z4.o(STACK) for __initial_sp
    entry2.o(__vectab_stack_and_reset_area) refers to startup_mkl25z4.o(STACK) for __initial_sp
    entry2.o(__vectab_stack_and_reset_area) refers to entry.o(.ARM.Collect$$$$00000000) for __main
    entry5.o(.ARM.Collect$$$$00000004) refers to init.o(.text) for __scatterload
    entry9a.o(.ARM.Collect$$$$0000000B) refers to mymotor.o(i.main) for main
    entry9b.o(.ARM.Collect$$$$0000000C) refers to mymotor.o(i.main) for main
    depilogue.o(.text) refers to depilogue.o(i.__ARM_clz) for __ARM_clz
    depilogue.o(.text) refers to llshl.o(.text) for __aeabi_llsl
    depilogue.o(.text) refers to llushr.o(.text) for __aeabi_llsr
    init.o(.text) refers to entry5.o(.ARM.Collect$$$$00000004) for __main_after_scatterload


==============================================================================

Removing Unused input sections from the image.

    Removing mymotor.o(.rev16_text), (4 bytes).
    Removing mymotor.o(.revsh_text), (4 bytes).
    Removing mymotor.o(i.setFreq), (72 bytes).
    Removing startup_mkl25z4.o(HEAP), (0 bytes).
    Removing system_mkl25z4.o(.rev16_text), (4 bytes).
    Removing system_mkl25z4.o(.revsh_text), (4 bytes).
    Removing system_mkl25z4.o(i.SystemCoreClockUpdate), (400 bytes).
    Removing system_mkl25z4.o(.data), (4 bytes).
    Removing fdiv.o(.text), (124 bytes).
    Removing system_mkl25z4.o(i.__ARM_common_switch8), (28 bytes).

10 unused section(s) (total 644 bytes) removed from the image.

==============================================================================

Image Symbol Table

    Local Symbols

    Symbol Name                              Value     Ov Type        Size  Object(Section)

    RESET                                    0x00000000   Section      192  startup_mkl25z4.o(RESET)
    ../clib/microlib/division.c              0x00000000   Number         0  uidiv.o ABSOLUTE
    ../clib/microlib/init/entry.s            0x00000000   Number         0  entry10a.o ABSOLUTE
    ../clib/microlib/init/entry.s            0x00000000   Number         0  entry11a.o ABSOLUTE
    ../clib/microlib/init/entry.s            0x00000000   Number         0  entry10b.o ABSOLUTE
    ../clib/microlib/init/entry.s            0x00000000   Number         0  entry9b.o ABSOLUTE
    ../clib/microlib/init/entry.s            0x00000000   Number         0  entry7a.o ABSOLUTE
    ../clib/microlib/init/entry.s            0x00000000   Number         0  entry9a.o ABSOLUTE
    ../clib/microlib/init/entry.s            0x00000000   Number         0  entry8b.o ABSOLUTE
    ../clib/microlib/init/entry.s            0x00000000   Number         0  entry.o ABSOLUTE
    ../clib/microlib/init/entry.s            0x00000000   Number         0  entry8a.o ABSOLUTE
    ../clib/microlib/init/entry.s            0x00000000   Number         0  entry7b.o ABSOLUTE
    ../clib/microlib/init/entry.s            0x00000000   Number         0  entry5.o ABSOLUTE
    ../clib/microlib/init/entry.s            0x00000000   Number         0  entry2.o ABSOLUTE
    ../clib/microlib/init/entry.s            0x00000000   Number         0  entry11b.o ABSOLUTE
    ../clib/microlib/longlong.c              0x00000000   Number         0  llshl.o ABSOLUTE
    ../clib/microlib/longlong.c              0x00000000   Number         0  llushr.o ABSOLUTE
    ../clib/microlib/stubs.s                 0x00000000   Number         0  iusefp.o ABSOLUTE
    ../fplib/microlib/d2f.c                  0x00000000   Number         0  d2f.o ABSOLUTE
    ../fplib/microlib/f2d.c                  0x00000000   Number         0  f2d.o ABSOLUTE
    ../fplib/microlib/fpdiv.c                0x00000000   Number         0  ddiv.o ABSOLUTE
    ../fplib/microlib/fpdiv.c                0x00000000   Number         0  fdiv.o ABSOLUTE
    ../fplib/microlib/fpepilogue.c           0x00000000   Number         0  fepilogue.o ABSOLUTE
    ../fplib/microlib/fpepilogue.c           0x00000000   Number         0  depilogue.o ABSOLUTE
    ../fplib/microlib/fpfix.c                0x00000000   Number         0  ffixui.o ABSOLUTE
    ../fplib/microlib/fpflt.c                0x00000000   Number         0  ffltui.o ABSOLUTE
    ../fplib/microlib/fpmul.c                0x00000000   Number         0  fmul.o ABSOLUTE
    RTE\Device\MKL25Z128xxx4\startup_MKL25Z4.s 0x00000000   Number         0  startup_mkl25z4.o ABSOLUTE
    RTE\Device\MKL25Z128xxx4\system_MKL25Z4.c 0x00000000   Number         0  system_mkl25z4.o ABSOLUTE
    RTE\\Device\\MKL25Z128xxx4\\system_MKL25Z4.c 0x00000000   Number         0  system_mkl25z4.o ABSOLUTE
    dc.s                                     0x00000000   Number         0  dc.o ABSOLUTE
    handlers.s                               0x00000000   Number         0  handlers.o ABSOLUTE
    init.s                                   0x00000000   Number         0  init.o ABSOLUTE
    myMotor.c                                0x00000000   Number         0  mymotor.o ABSOLUTE
    myMotor.c                                0x00000000   Number         0  mymotor.o ABSOLUTE
    .ARM.Collect$$$$00000000                 0x000000c0   Section        0  entry.o(.ARM.Collect$$$$00000000)
    .ARM.Collect$$$$00000001                 0x000000c0   Section        4  entry2.o(.ARM.Collect$$$$00000001)
    .ARM.Collect$$$$00000004                 0x000000c4   Section        4  entry5.o(.ARM.Collect$$$$00000004)
    .ARM.Collect$$$$00000008                 0x000000c8   Section        0  entry7b.o(.ARM.Collect$$$$00000008)
    .ARM.Collect$$$$0000000A                 0x000000c8   Section        0  entry8b.o(.ARM.Collect$$$$0000000A)
    .ARM.Collect$$$$0000000B                 0x000000c8   Section        8  entry9a.o(.ARM.Collect$$$$0000000B)
    .ARM.Collect$$$$0000000D                 0x000000d0   Section        0  entry10a.o(.ARM.Collect$$$$0000000D)
    .ARM.Collect$$$$0000000F                 0x000000d0   Section        0  entry11a.o(.ARM.Collect$$$$0000000F)
    .ARM.Collect$$$$00002712                 0x000000d0   Section        4  entry2.o(.ARM.Collect$$$$00002712)
    __lit__00000000                          0x000000d0   Data           4  entry2.o(.ARM.Collect$$$$00002712)
    .text                                    0x000000d4   Section       40  startup_mkl25z4.o(.text)
    .text                                    0x000000fc   Section        0  fmul.o(.text)
    .text                                    0x00000178   Section        0  ddiv.o(.text)
    .text                                    0x00000268   Section        0  ffltui.o(.text)
    .text                                    0x00000276   Section        0  ffixui.o(.text)
    .text                                    0x0000029e   Section        0  f2d.o(.text)
    .text                                    0x000002c6   Section        0  d2f.o(.text)
    .text                                    0x000002fe   Section        0  iusefp.o(.text)
    .text                                    0x000002fe   Section        0  fepilogue.o(.text)
    .text                                    0x00000380   Section       36  init.o(.text)
    .text                                    0x000003a4   Section        0  llshl.o(.text)
    .text                                    0x000003c4   Section        0  llushr.o(.text)
    i.__scatterload_copy                     0x000003e6   Section       14  handlers.o(i.__scatterload_copy)
    i.__scatterload_null                     0x000003f4   Section        2  handlers.o(i.__scatterload_null)
    .ARM.__at_0x400                          0x00000400   Section       16  startup_mkl25z4.o(.ARM.__at_0x400)
    .text                                    0x00000410   Section        0  depilogue.o(.text)
    i.SystemInit                             0x000004d0   Section        0  system_mkl25z4.o(i.SystemInit)
    i.__ARM_clz                              0x00000608   Section        0  depilogue.o(i.__ARM_clz)
    i.__scatterload_zeroinit                 0x00000636   Section       14  handlers.o(i.__scatterload_zeroinit)
    i.delay                                  0x00000644   Section        0  mymotor.o(i.delay)
    delay                                    0x00000645   Thumb Code    20  mymotor.o(i.delay)
    i.initPWM                                0x00000658   Section        0  mymotor.o(i.initPWM)
    i.main                                   0x00000794   Section        0  mymotor.o(i.main)
    i.setDutyCycle                           0x00000814   Section        0  mymotor.o(i.setDutyCycle)
    STACK                                    0x1ffff000   Section      256  startup_mkl25z4.o(STACK)

    Global Symbols

    Symbol Name                              Value     Ov Type        Size  Object(Section)

    BuildAttributes$$THM_ISAv3M$S$PE$A:L22$X:L11$S22$IEEE1$IW$USESV6$~STKCKD$USESV7$~SHL$OTIME$ROPI$EBA8$MICROLIB$REQ8$PRES8$EABIv2 0x00000000   Number         0  anon$$obj.o ABSOLUTE
    __ARM_use_no_argv                        0x00000000   Number         0  mymotor.o ABSOLUTE
    __Vectors                                0x00000000   Data           4  startup_mkl25z4.o(RESET)
    __cpp_initialize__aeabi_                  - Undefined Weak Reference
    __cxa_finalize                            - Undefined Weak Reference
    __decompress                              - Undefined Weak Reference
    _clock_init                               - Undefined Weak Reference
    _microlib_exit                            - Undefined Weak Reference
    __Vectors_End                            0x000000c0   Data           0  startup_mkl25z4.o(RESET)
    __Vectors_Size                           0x000000c0   Number         0  startup_mkl25z4.o ABSOLUTE
    __main                                   0x000000c1   Thumb Code     0  entry.o(.ARM.Collect$$$$00000000)
    _main_stk                                0x000000c1   Thumb Code     0  entry2.o(.ARM.Collect$$$$00000001)
    _main_scatterload                        0x000000c5   Thumb Code     0  entry5.o(.ARM.Collect$$$$00000004)
    __main_after_scatterload                 0x000000c9   Thumb Code     0  entry5.o(.ARM.Collect$$$$00000004)
    _main_clock                              0x000000c9   Thumb Code     0  entry7b.o(.ARM.Collect$$$$00000008)
    _main_cpp_init                           0x000000c9   Thumb Code     0  entry8b.o(.ARM.Collect$$$$0000000A)
    _main_init                               0x000000c9   Thumb Code     0  entry9a.o(.ARM.Collect$$$$0000000B)
    __rt_final_cpp                           0x000000d1   Thumb Code     0  entry10a.o(.ARM.Collect$$$$0000000D)
    __rt_final_exit                          0x000000d1   Thumb Code     0  entry11a.o(.ARM.Collect$$$$0000000F)
    Reset_Handler                            0x000000d5   Thumb Code    12  startup_mkl25z4.o(.text)
    NMI_Handler                              0x000000e1   Thumb Code     2  startup_mkl25z4.o(.text)
    HardFault_Handler                        0x000000e3   Thumb Code     2  startup_mkl25z4.o(.text)
    SVC_Handler                              0x000000e5   Thumb Code     2  startup_mkl25z4.o(.text)
    PendSV_Handler                           0x000000e7   Thumb Code     2  startup_mkl25z4.o(.text)
    SysTick_Handler                          0x000000e9   Thumb Code     2  startup_mkl25z4.o(.text)
    ADC0_IRQHandler                          0x000000eb   Thumb Code     0  startup_mkl25z4.o(.text)
    CMP0_IRQHandler                          0x000000eb   Thumb Code     0  startup_mkl25z4.o(.text)
    DAC0_IRQHandler                          0x000000eb   Thumb Code     0  startup_mkl25z4.o(.text)
    DMA0_IRQHandler                          0x000000eb   Thumb Code     0  startup_mkl25z4.o(.text)
    DMA1_IRQHandler                          0x000000eb   Thumb Code     0  startup_mkl25z4.o(.text)
    DMA2_IRQHandler                          0x000000eb   Thumb Code     0  startup_mkl25z4.o(.text)
    DMA3_IRQHandler                          0x000000eb   Thumb Code     0  startup_mkl25z4.o(.text)
    DefaultISR                               0x000000eb   Thumb Code     0  startup_mkl25z4.o(.text)
    FTFA_IRQHandler                          0x000000eb   Thumb Code     0  startup_mkl25z4.o(.text)
    I2C0_IRQHandler                          0x000000eb   Thumb Code     0  startup_mkl25z4.o(.text)
    I2C1_IRQHandler                          0x000000eb   Thumb Code     0  startup_mkl25z4.o(.text)
    LLWU_IRQHandler                          0x000000eb   Thumb Code     0  startup_mkl25z4.o(.text)
    LPTMR0_IRQHandler                        0x000000eb   Thumb Code     0  startup_mkl25z4.o(.text)
    LVD_LVW_IRQHandler                       0x000000eb   Thumb Code     0  startup_mkl25z4.o(.text)
    MCG_IRQHandler                           0x000000eb   Thumb Code     0  startup_mkl25z4.o(.text)
    PIT_IRQHandler                           0x000000eb   Thumb Code     0  startup_mkl25z4.o(.text)
    PORTA_IRQHandler                         0x000000eb   Thumb Code     0  startup_mkl25z4.o(.text)
    PORTD_IRQHandler                         0x000000eb   Thumb Code     0  startup_mkl25z4.o(.text)
    RTC_IRQHandler                           0x000000eb   Thumb Code     0  startup_mkl25z4.o(.text)
    RTC_Seconds_IRQHandler                   0x000000eb   Thumb Code     0  startup_mkl25z4.o(.text)
    Reserved20_IRQHandler                    0x000000eb   Thumb Code     0  startup_mkl25z4.o(.text)
    Reserved39_IRQHandler                    0x000000eb   Thumb Code     0  startup_mkl25z4.o(.text)
    Reserved45_IRQHandler                    0x000000eb   Thumb Code     0  startup_mkl25z4.o(.text)
    SPI0_IRQHandler                          0x000000eb   Thumb Code     0  startup_mkl25z4.o(.text)
    SPI1_IRQHandler                          0x000000eb   Thumb Code     0  startup_mkl25z4.o(.text)
    TPM0_IRQHandler                          0x000000eb   Thumb Code     0  startup_mkl25z4.o(.text)
    TPM1_IRQHandler                          0x000000eb   Thumb Code     0  startup_mkl25z4.o(.text)
    TPM2_IRQHandler                          0x000000eb   Thumb Code     0  startup_mkl25z4.o(.text)
    TSI0_IRQHandler                          0x000000eb   Thumb Code     0  startup_mkl25z4.o(.text)
    UART0_IRQHandler                         0x000000eb   Thumb Code     0  startup_mkl25z4.o(.text)
    UART1_IRQHandler                         0x000000eb   Thumb Code     0  startup_mkl25z4.o(.text)
    UART2_IRQHandler                         0x000000eb   Thumb Code     0  startup_mkl25z4.o(.text)
    USB0_IRQHandler                          0x000000eb   Thumb Code     0  startup_mkl25z4.o(.text)
    __aeabi_fmul                             0x000000fd   Thumb Code   122  fmul.o(.text)
    __aeabi_ddiv                             0x00000179   Thumb Code   234  ddiv.o(.text)
    __aeabi_ui2f                             0x00000269   Thumb Code    14  ffltui.o(.text)
    __aeabi_f2uiz                            0x00000277   Thumb Code    40  ffixui.o(.text)
    __aeabi_f2d                              0x0000029f   Thumb Code    40  f2d.o(.text)
    __aeabi_d2f                              0x000002c7   Thumb Code    56  d2f.o(.text)
    __I$use$fp                               0x000002ff   Thumb Code     0  iusefp.o(.text)
    _float_round                             0x000002ff   Thumb Code    16  fepilogue.o(.text)
    _float_epilogue                          0x0000030f   Thumb Code   114  fepilogue.o(.text)
    __scatterload                            0x00000381   Thumb Code    28  init.o(.text)
    __scatterload_rt2                        0x00000381   Thumb Code     0  init.o(.text)
    __aeabi_llsl                             0x000003a5   Thumb Code    32  llshl.o(.text)
    _ll_shift_l                              0x000003a5   Thumb Code     0  llshl.o(.text)
    __aeabi_llsr                             0x000003c5   Thumb Code    34  llushr.o(.text)
    _ll_ushift_r                             0x000003c5   Thumb Code     0  llushr.o(.text)
    __scatterload_copy                       0x000003e7   Thumb Code    14  handlers.o(i.__scatterload_copy)
    __scatterload_null                       0x000003f5   Thumb Code     2  handlers.o(i.__scatterload_null)
    _double_round                            0x00000411   Thumb Code    26  depilogue.o(.text)
    _double_epilogue                         0x0000042b   Thumb Code   164  depilogue.o(.text)
    SystemInit                               0x000004d1   Thumb Code   266  system_mkl25z4.o(i.SystemInit)
    __ARM_clz                                0x00000609   Thumb Code    46  depilogue.o(i.__ARM_clz)
    __scatterload_zeroinit                   0x00000637   Thumb Code    14  handlers.o(i.__scatterload_zeroinit)
    initPWM                                  0x00000659   Thumb Code   298  mymotor.o(i.initPWM)
    main                                     0x00000795   Thumb Code   108  mymotor.o(i.main)
    setDutyCycle                             0x00000815   Thumb Code   172  mymotor.o(i.setDutyCycle)
    Region$$Table$$Base                      0x000008c8   Number         0  anon$$obj.o(Region$$Table)
    Region$$Table$$Limit                     0x000008d8   Number         0  anon$$obj.o(Region$$Table)
    __initial_sp                             0x1ffff100   Data           0  startup_mkl25z4.o(STACK)



==============================================================================

Memory Map of the image

  Image Entry point : 0x000000d5

  Load Region LR_1 (Base: 0x00000000, Size: 0x000008d8, Max: 0xffffffff, ABSOLUTE)

    Execution Region ER_RO (Exec base: 0x00000000, Load base: 0x00000000, Size: 0x000008d8, Max: 0xffffffff, ABSOLUTE)

    Exec Addr    Load Addr    Size         Type   Attr      Idx    E Section Name        Object

    0x00000000   0x00000000   0x000000c0   Data   RO           71    RESET               startup_mkl25z4.o
    0x000000c0   0x000000c0   0x00000000   Code   RO          113  * .ARM.Collect$$$$00000000  mc_p.l(entry.o)
    0x000000c0   0x000000c0   0x00000004   Code   RO          132    .ARM.Collect$$$$00000001  mc_p.l(entry2.o)
    0x000000c4   0x000000c4   0x00000004   Code   RO          135    .ARM.Collect$$$$00000004  mc_p.l(entry5.o)
    0x000000c8   0x000000c8   0x00000000   Code   RO          137    .ARM.Collect$$$$00000008  mc_p.l(entry7b.o)
    0x000000c8   0x000000c8   0x00000000   Code   RO          139    .ARM.Collect$$$$0000000A  mc_p.l(entry8b.o)
    0x000000c8   0x000000c8   0x00000008   Code   RO          140    .ARM.Collect$$$$0000000B  mc_p.l(entry9a.o)
    0x000000d0   0x000000d0   0x00000000   Code   RO          142    .ARM.Collect$$$$0000000D  mc_p.l(entry10a.o)
    0x000000d0   0x000000d0   0x00000000   Code   RO          144    .ARM.Collect$$$$0000000F  mc_p.l(entry11a.o)
    0x000000d0   0x000000d0   0x00000004   Code   RO          133    .ARM.Collect$$$$00002712  mc_p.l(entry2.o)
    0x000000d4   0x000000d4   0x00000028   Code   RO           73  * .text               startup_mkl25z4.o
    0x000000fc   0x000000fc   0x0000007a   Code   RO          118    .text               mf_p.l(fmul.o)
    0x00000176   0x00000176   0x00000002   PAD
    0x00000178   0x00000178   0x000000f0   Code   RO          122    .text               mf_p.l(ddiv.o)
    0x00000268   0x00000268   0x0000000e   Code   RO          124    .text               mf_p.l(ffltui.o)
    0x00000276   0x00000276   0x00000028   Code   RO          126    .text               mf_p.l(ffixui.o)
    0x0000029e   0x0000029e   0x00000028   Code   RO          128    .text               mf_p.l(f2d.o)
    0x000002c6   0x000002c6   0x00000038   Code   RO          130    .text               mf_p.l(d2f.o)
    0x000002fe   0x000002fe   0x00000000   Code   RO          146    .text               mc_p.l(iusefp.o)
    0x000002fe   0x000002fe   0x00000082   Code   RO          147    .text               mf_p.l(fepilogue.o)
    0x00000380   0x00000380   0x00000024   Code   RO          153    .text               mc_p.l(init.o)
    0x000003a4   0x000003a4   0x00000020   Code   RO          155    .text               mc_p.l(llshl.o)
    0x000003c4   0x000003c4   0x00000022   Code   RO          157    .text               mc_p.l(llushr.o)
    0x000003e6   0x000003e6   0x0000000e   Code   RO          161    i.__scatterload_copy  mc_p.l(handlers.o)
    0x000003f4   0x000003f4   0x00000002   Code   RO          162    i.__scatterload_null  mc_p.l(handlers.o)
    0x000003f6   0x000003f6   0x0000000a   PAD
    0x00000400   0x00000400   0x00000010   Code   RO           72    .ARM.__at_0x400     startup_mkl25z4.o
    0x00000410   0x00000410   0x000000be   Code   RO          149    .text               mf_p.l(depilogue.o)
    0x000004ce   0x000004ce   0x00000002   PAD
    0x000004d0   0x000004d0   0x00000138   Code   RO           82    i.SystemInit        system_mkl25z4.o
    0x00000608   0x00000608   0x0000002e   Code   RO          151    i.__ARM_clz         mf_p.l(depilogue.o)
    0x00000636   0x00000636   0x0000000e   Code   RO          163    i.__scatterload_zeroinit  mc_p.l(handlers.o)
    0x00000644   0x00000644   0x00000014   Code   RO            3    i.delay             mymotor.o
    0x00000658   0x00000658   0x0000013c   Code   RO            4    i.initPWM           mymotor.o
    0x00000794   0x00000794   0x00000080   Code   RO            5    i.main              mymotor.o
    0x00000814   0x00000814   0x000000b4   Code   RO            6    i.setDutyCycle      mymotor.o
    0x000008c8   0x000008c8   0x00000010   Data   RO          159    Region$$Table       anon$$obj.o


    Execution Region ER_RW (Exec base: 0x1ffff000, Load base: 0x000008d8, Size: 0x00000000, Max: 0xffffffff, ABSOLUTE)

    **** No section assigned to this execution region ****


    Execution Region ER_ZI (Exec base: 0x1ffff000, Load base: 0x000008d8, Size: 0x00000100, Max: 0xffffffff, ABSOLUTE)

    Exec Addr    Load Addr    Size         Type   Attr      Idx    E Section Name        Object

    0x1ffff000        -       0x00000100   Zero   RW           69    STACK               startup_mkl25z4.o


==============================================================================

Image component sizes


      Code (inc. data)   RO Data    RW Data    ZI Data      Debug   Object Name

       644         46          0          0          0       7280   mymotor.o
        56         30        192          0        256        976   startup_mkl25z4.o
       312         46          0          0          0        633   system_mkl25z4.o

    ----------------------------------------------------------------------
      1012        122        208          0        256       8889   Object Totals
         0          0         16          0          0          0   (incl. Generated)
         0          0          0          0          0          0   (incl. Padding)

    ----------------------------------------------------------------------

      Code (inc. data)   RO Data    RW Data    ZI Data      Debug   Library Member Name

         0          0          0          0          0          0   entry.o
         0          0          0          0          0          0   entry10a.o
         0          0          0          0          0          0   entry11a.o
         8          4          0          0          0          0   entry2.o
         4          0          0          0          0          0   entry5.o
         0          0          0          0          0          0   entry7b.o
         0          0          0          0          0          0   entry8b.o
         8          4          0          0          0          0   entry9a.o
        30          0          0          0          0          0   handlers.o
        36          8          0          0          0         68   init.o
         0          0          0          0          0          0   iusefp.o
        32          0          0          0          0         68   llshl.o
        34          0          0          0          0         68   llushr.o
        56          0          0          0          0         68   d2f.o
       240          6          0          0          0         84   ddiv.o
       236          0          0          0          0        216   depilogue.o
        40          0          0          0          0         60   f2d.o
       130          0          0          0          0        144   fepilogue.o
        40          0          0          0          0         60   ffixui.o
        14          0          0          0          0         68   ffltui.o
       122          0          0          0          0         72   fmul.o

    ----------------------------------------------------------------------
      1044         22          0          0          0        976   Library Totals
        14          0          0          0          0          0   (incl. Padding)

    ----------------------------------------------------------------------

      Code (inc. data)   RO Data    RW Data    ZI Data      Debug   Library Name

       152         16          0          0          0        204   mc_p.l
       878          6          0          0          0        772   mf_p.l

    ----------------------------------------------------------------------
      1044         22          0          0          0        976   Library Totals

    ----------------------------------------------------------------------

==============================================================================


      Code (inc. data)   RO Data    RW Data    ZI Data      Debug   

      2056        144        208          0        256       9445   Grand Totals
      2056        144        208          0        256       9445   ELF Image Totals
      2056        144        208          0          0          0   ROM Totals

==============================================================================

    Total RO  Size (Code + RO Data)                 2264 (   2.21kB)
    Total RW  Size (RW Data + ZI Data)               256 (   0.25kB)
    Total ROM Size (Code + RO Data + RW Data)       2264 (   2.21kB)

==============================================================================

